// Vitest Snapshot v1, https://vitest.dev/guide/snapshot.html

exports[`Loader > matches snapshot 1`] = `
<DocumentFragment>
  <div
    class="sc-kieALA icttAb"
    elevation="1"
  >
    <div
      class="sc-fmZSGO ebUHSu"
    >
      <img
        alt="loading"
        src="/src/assets/giphy.webp"
      />
    </div>
  </div>
</DocumentFragment>
`;
