// Vitest Snapshot v1, https://vitest.dev/guide/snapshot.html

exports[`Skeleton component > matches snapshot 1`] = `
<DocumentFragment>
  <div
    class="MuiStack-root css-m69qwo-MuiStack-root"
  >
    <span
      class="MuiSkeleton-root MuiSkeleton-rectangular MuiSkeleton-wave css-ezskuf-MuiSkeleton-root"
      data-testid="skeletonExpenses-0"
    />
    <span
      class="MuiSkeleton-root MuiSkeleton-rectangular MuiSkeleton-wave css-ezskuf-MuiSkeleton-root"
      data-testid="skeletonExpenses-1"
    />
    <span
      class="MuiSkeleton-root MuiSkeleton-rectangular MuiSkeleton-wave css-ezskuf-MuiSkeleton-root"
      data-testid="skeletonExpenses-2"
    />
  </div>
</DocumentFragment>
`;
