// Vitest Snapshot v1, https://vitest.dev/guide/snapshot.html

exports[`Skeleton component > matches snapshot 1`] = `
<DocumentFragment>
  <div
    class="sc-frmfij cisIhe"
    data-testid="skeletonStack"
    direction="row"
  >
    <div
      class="sc-VILhF hItdIP"
      data-testid="skeletonExpenses-0"
      variant="rectangular"
    />
    <div
      class="sc-VILhF hItdIP"
      data-testid="skeletonExpenses-1"
      variant="rectangular"
    />
    <div
      class="sc-VILhF hItdIP"
      data-testid="skeletonExpenses-2"
      variant="rectangular"
    />
  </div>
</DocumentFragment>
`;
